// Jest Snapshot v1, https://goo.gl/fbAQLP

exports[`test getChildPositions sets the event_index and calls the position method for each child event 1`] = `
Object {
  "children": Array [
    Object {
      "children": Array [],
      "dependencies": Array [],
      "duration": 2,
      "end": "2018-07-21T17:15:02.394Z",
      "event_index": 5,
      "frequency": Object {
        "key": "weekly",
      },
      "group_by": "foo",
      "height": 20,
      "label": "#fbbd08",
      "offset": 23,
      "page": 1,
      "repeat": true,
      "start": "2018-07-21T17:15:02.394Z",
      "status": "in_progress",
      "title": "A New Event",
      "width": 58.2,
      "x": 640.2,
      "y": 182.5,
    },
    Object {
      "children": Array [],
      "dependencies": Array [],
      "duration": 2,
      "end": "2018-07-28T17:15:02.394Z",
      "event_index": 5,
      "frequency": Object {
        "key": "weekly",
      },
      "group_by": "foo",
      "height": 20,
      "label": "#fbbd08",
      "offset": 30,
      "page": 1,
      "repeat": true,
      "start": "2018-07-28T17:15:02.394Z",
      "status": "in_progress",
      "title": "A New Event",
      "width": 58.2,
      "x": 843.9000000000001,
      "y": 182.5,
    },
    Object {
      "children": Array [],
      "dependencies": Array [],
      "duration": 2,
      "end": "2018-08-04T17:15:02.394Z",
      "event_index": 5,
      "frequency": Object {
        "key": "weekly",
      },
      "group_by": "foo",
      "height": 20,
      "label": "#fbbd08",
      "offset": 37,
      "page": 1,
      "repeat": true,
      "start": "2018-08-04T17:15:02.394Z",
      "status": "in_progress",
      "title": "A New Event",
      "width": 58.2,
      "x": 1047.6000000000001,
      "y": 182.5,
    },
    Object {
      "children": Array [],
      "dependencies": Array [],
      "duration": 2,
      "end": "2018-08-11T17:15:02.395Z",
      "event_index": 5,
      "frequency": Object {
        "key": "weekly",
      },
      "group_by": "foo",
      "height": 20,
      "label": "#fbbd08",
      "offset": 44,
      "page": 1,
      "repeat": true,
      "start": "2018-08-11T17:15:02.395Z",
      "status": "in_progress",
      "title": "A New Event",
      "width": 58.2,
      "x": 1251.3,
      "y": 182.5,
    },
  ],
  "dependencies": Array [],
  "duration": 2,
  "event_index": 1,
  "frequency": Object {
    "key": "weekly",
  },
  "group_by": "foo",
  "height": 20,
  "label": "#fbbd08",
  "offset": 16,
  "page": 1,
  "status": "in_progress",
  "title": "A New Event",
  "width": 58.2,
  "x": 436.5,
  "y": 42.5,
}
`;

exports[`test getItemLinks gets linked events 1`] = `
Object {
  "bar": Array [
    Array [
      Object {
        "children": Array [
          Object {
            "children": Array [],
            "dependencies": Array [],
            "duration": 2,
            "end": "2018-07-21T17:15:02.395Z",
            "event_index": 2,
            "frequency": Object {
              "key": "weekly",
            },
            "group_by": "bar",
            "height": 20,
            "label": "#6bc2e2",
            "offset": 25,
            "page": 1,
            "repeat": true,
            "start": "2018-07-21T17:15:02.395Z",
            "status": "active",
            "title": "Dependent Event",
            "width": 58.2,
            "x": 698.4000000000001,
            "y": 77.5,
          },
          Object {
            "children": Array [],
            "dependencies": Array [],
            "duration": 2,
            "end": "2018-07-28T17:15:02.395Z",
            "event_index": 2,
            "frequency": Object {
              "key": "weekly",
            },
            "group_by": "bar",
            "height": 20,
            "label": "#6bc2e2",
            "offset": 32,
            "page": 1,
            "repeat": true,
            "start": "2018-07-28T17:15:02.395Z",
            "status": "active",
            "title": "Dependent Event",
            "width": 58.2,
            "x": 902.1,
            "y": 77.5,
          },
          Object {
            "children": Array [],
            "dependencies": Array [],
            "duration": 2,
            "end": "2018-08-04T17:15:02.395Z",
            "event_index": 2,
            "frequency": Object {
              "key": "weekly",
            },
            "group_by": "bar",
            "height": 20,
            "label": "#6bc2e2",
            "offset": 39,
            "page": 1,
            "repeat": true,
            "start": "2018-08-04T17:15:02.395Z",
            "status": "active",
            "title": "Dependent Event",
            "width": 58.2,
            "x": 1105.8,
            "y": 77.5,
          },
          Object {
            "children": Array [],
            "dependencies": Array [],
            "duration": 2,
            "end": "2018-08-11T17:15:02.395Z",
            "event_index": 2,
            "frequency": Object {
              "key": "weekly",
            },
            "group_by": "bar",
            "height": 20,
            "label": "#6bc2e2",
            "offset": 46,
            "page": 1,
            "repeat": true,
            "start": "2018-08-11T17:15:02.395Z",
            "status": "active",
            "title": "Dependent Event",
            "width": 58.2,
            "x": 1309.5,
            "y": 77.5,
          },
        ],
        "dependencies": Array [],
        "duration": 2,
        "event_index": 2,
        "frequency": Object {
          "key": "weekly",
        },
        "group_by": "bar",
        "height": 20,
        "label": "#6bc2e2",
        "offset": 18,
        "page": 1,
        "status": "active",
        "title": "Dependent Event",
        "width": 58.2,
        "x": 494.70000000000005,
        "y": 77.5,
      },
      Object {
        "children": Array [],
        "dependencies": Array [
          2,
        ],
        "duration": 4,
        "event_index": 3,
        "frequency": Object {
          "key": "once",
        },
        "group_by": "bar",
        "height": 20,
        "label": "#6bc2e2",
        "offset": 20,
        "page": 1,
        "status": "active",
        "title": "Another Event",
        "width": 116.4,
        "x": 552.9,
        "y": 112.5,
      },
    ],
  ],
  "foo": Array [],
  "misc": Array [],
}
`;

exports[`test position sets the position data on an event 1`] = `
Object {
  "children": Array [],
  "duration": 4,
  "event_index": 0,
  "group_by": "",
  "height": 20,
  "label": "#8bccba",
  "offset": 13,
  "page": 1,
  "readOnly": true,
  "status": "complete",
  "title": "Line One",
  "width": 116.4,
  "x": 349.20000000000005,
  "y": 7.5,
}
`;
